// Jest Snapshot v1, https://goo.gl/fbAQLP

exports[`renders the Dishes correctly 1`] = `
<div
  className="Dishes"
>
  <h3>
    FIND A DISH
  </h3>
  <div
    className="row"
    id="searchBar"
  >
    <input
      id="searchText"
      onChange={[Function]}
      placeholder="Enter keyword..."
      type="text"
      value=""
    />
    <select
      id="searchType"
      onChange={[Function]}
    >
      <option
        value="All"
      >
        All
      </option>
      <option
        value="main course"
      >
        Main Course
      </option>
      <option
        value="side dish"
      >
        Side Dish
      </option>
      <option
        value="dessert"
      >
        Dessert
      </option>
      <option
        value="appetizer"
      >
        Appetizer
      </option>
      <option
        value="salad"
      >
        Salad
      </option>
      <option
        value="bread"
      >
        Bread
      </option>
      <option
        value="soup"
      >
        Soup
      </option>
      <option
        value="beverage"
      >
        Beverage
      </option>
      <option
        value="sauce"
      >
        Sauce
      </option>
      <option
        value="drink"
      >
        Drink
      </option>
      <option
        value="breakfast"
      >
        Breakfast
      </option>
    </select>
    <div
      id="searchBarButton"
    >
      <button
        className="btn btn-warning"
        id="searchButton"
        onClick={[Function]}
        type="button"
      >
        Search
      </button>
    </div>
  </div>
  <div
    className="row"
  >
    <em>
      Loading...
    </em>
  </div>
</div>
`;
